[1779276328.218][INFO]: Starting ChromeDriver 148.0.7778.178 (d096af1c9e98c45c3596e59620622b1a049bfecb-refs/branch-heads/7778@{#3196}) on port 54951
[1779276328.218][INFO]: Please see https://chromedriver.chromium.org/security-considerations for suggestions on keeping ChromeDriver safe.
[1779276328.225][INFO]: ChromeDriver was started successfully on port 54951
[1779276328.605][INFO]: [881bdba0dddb989747d911b8ecbaff68] COMMAND InitSession {
   "capabilities": {
      "alwaysMatch": {
         "browserName": "chrome",
         "goog:chromeOptions": {
            "args": [ "--ignore-certificate-errors", "--allow-running-insecure-content", "--ignore-ssl-errors=yes", "--ssl-version-min=tls1.2", "--cipher-suite-blacklist=0x0000,0x0005", "--disable-web-security", "--allow-insecure-localhost", "--reduce-security-for-testing", "user-agent=Mozilla/5.0 (iPhone; CPU iPhone OS 11_0 like Mac OS X) AppleWebKit/537.36 (KHTML, like Gecko) Chrome/55.0.3249.1039 Mobile Safari/537.36", "--disable-blink-features=AutomationControlled", "--disable-gpu", "--no-sandbox", "--disable-dev-shm-usage", "--disable-extensions" ],
            "excludeSwitches": [ "enable-automation", "enable-logging" ],
            "extensions": [  ],
            "prefs": {
               "profile.default_content_setting_values.notifications": 2,
               "profile.managed_default_content_settings.images": 2,
               "profile.managed_default_content_settings.javascript": 1
            }
         },
         "pageLoadStrategy": "normal"
      },
      "firstMatch": [ {
      } ]
   }
}
[1779276328.605][INFO]: Browser search. Trying... C:\Users\李\.wdm\drivers\chromedriver\win64\148.0.7778.178\chromedriver-win64\chrome.exe
[1779276328.605][INFO]: Browser search. Trying... C:\Users\李\.wdm\drivers\chromedriver\win64\148.0.7778.178\chromedriver-win64\chrome.exe
[1779276328.605][INFO]: Browser search. Trying... C:\Users\李\.wdm\drivers\chromedriver\win64\148.0.7778.178\chromedriver-win64\chromium.exe
[1779276328.609][INFO]: Browser search. Trying... C:\Users\李\AppData\Local\Google\Chrome\Application\chrome.exe
[1779276328.609][INFO]: Browser search. Trying... C:\Program Files\Google\Chrome\Application\chrome.exe
[1779276328.609][INFO]: Browser search. Found at  C:\Program Files\Google\Chrome\Application\chrome.exe
[1779276328.610][INFO]: Populating Preferences file: {
   "alternate_error_pages": {
      "enabled": false
   },
   "autofill": {
      "enabled": false
   },
   "browser": {
      "check_default_browser": false
   },
   "distribution": {
      "import_bookmarks": false,
      "import_history": false,
      "import_search_engine": false,
      "make_chrome_default_for_user": false,
      "skip_first_run_ui": true
   },
   "dns_prefetching": {
      "enabled": false
   },
   "profile": {
      "content_settings": {
         "pattern_pairs": {
            "https://*,*": {
               "media-stream": {
                  "audio": "Default",
                  "video": "Default"
               }
            }
         }
      },
      "default_content_setting_values": {
         "geolocation": 1,
         "notifications": 2
      },
      "default_content_settings": {
         "geolocation": 1,
         "mouselock": 1,
         "notifications": 1,
         "popups": 1,
         "ppapi-broker": 1
      },
      "managed_default_content_settings": {
         "images": 2,
         "javascript": 1
      },
      "password_manager_enabled": false
   },
   "safebrowsing": {
      "enabled": false
   },
   "search": {
      "suggest_enabled": false
   },
   "translate": {
      "enabled": false
   }
}
[1779276328.610][INFO]: Populating Local State file: {
   "background_mode": {
      "enabled": false
   },
   "ssl": {
      "rev_checking": {
         "enabled": false
      }
   }
}
[1779276328.611][INFO]: ChromeDriver supports communication with Chrome via pipes. This is more reliable and more secure.
[1779276328.611][INFO]: Use the --remote-debugging-pipe Chrome switch instead of the default --remote-debugging-port to enable this communication mode.
[1779276328.612][INFO]: Launching chrome: "C:\Program Files\Google\Chrome\Application\chrome.exe" --allow-insecure-localhost --allow-pre-commit-input --allow-running-insecure-content --cipher-suite-blacklist=0x0000,0x0005 --disable-background-networking --disable-background-timer-throttling --disable-backgrounding-occluded-windows --disable-blink-features=AutomationControlled --disable-client-side-phishing-detection --disable-default-apps --disable-dev-shm-usage --disable-extensions --disable-features=IgnoreDuplicateNavs,Prewarm --disable-gpu --disable-hang-monitor --disable-popup-blocking --disable-prompt-on-repost --disable-sync --disable-web-security --ignore-certificate-errors --ignore-ssl-errors=yes --log-level=0 --no-first-run --no-sandbox --no-service-autorun --password-store=basic --reduce-security-for-testing --remote-debugging-port=0 --ssl-version-min=tls1.2 --test-type=webdriver --use-mock-keychain --user-agent="Mozilla/5.0 (iPhone; CPU iPhone OS 11_0 like Mac OS X) AppleWebKit/537.36 (KHTML, like Gecko) Chrome/55.0.3249.1039 Mobile Safari/537.36" --user-data-dir="C:\Users\李\AppData\Local\Temp\scoped_dir33676_221470258" data:,

DevTools listening on ws://127.0.0.1:54954/devtools/browser/9c61989f-6551-45bf-9d14-1a3f8d805505
[1779276329.057][DEBUG]: DevTools HTTP Request: http://localhost:54954/json/version
[1779276329.368][DEBUG]: DevTools HTTP Response: {
   "Browser": "Chrome/148.0.7778.179",
   "Protocol-Version": "1.3",
   "User-Agent": "Mozilla/5.0 (iPhone; CPU iPhone OS 11_0 like Mac OS X) AppleWebKit/537.36 (KHTML, like Gecko) Chrome/55.0.3249.1039 Mobile Safari/537.36",
   "V8-Version": "14.8.178.22",
   "WebKit-Version": "537.36 (@4687a88676f95bfbce9ec62314791faae363fea6)",
   "webSocketDebuggerUrl": "ws://localhost:54954/devtools/browser/9c61989f-6551-45bf-9d14-1a3f8d805505"
}

[1779276329.368][DEBUG]: DevTools HTTP Request: http://localhost:54954/json/list
[1779276329.369][DEBUG]: DevTools HTTP Response: [ {
   "description": "",
   "devtoolsFrontendUrl": "https://chrome-devtools-frontend.appspot.com/serve_rev/@4687a88676f95bfbce9ec62314791faae363fea6/inspector.html?ws=localhost:54954/devtools/page/4F94C3D9616B806B1FB622184F168161",
   "id": "4F94C3D9616B806B1FB622184F168161",
   "title": "data:,",
   "type": "page",
   "url": "data:,",
   "webSocketDebuggerUrl": "ws://localhost:54954/devtools/page/4F94C3D9616B806B1FB622184F168161"
} ]

[1779276329.373][INFO]: resolved localhost to ["::1","127.0.0.1"]
[1779276329.375][DEBUG]: DevTools WebSocket Command: Target.getTargets (id=1) (session_id=) browser {
   "filter": [ {
      "exclude": true,
      "type": "browser"
   }, {
      "exclude": true,
      "type": "page"
   }, {
      "exclude": false
   } ]
}
[1779276329.375][DEBUG]: DevTools WebSocket Response: Target.getTargets (id=1) (session_id=) browser {
   "targetInfos": [ {
      "attached": false,
      "browserContextId": "F27A9BEC732E3BFDBF0AECF8EF567DC3",
      "canAccessOpener": false,
      "targetId": "732150DACEFDBAF640334FCE4D589A08",
      "title": "data:,",
      "type": "tab",
      "url": "data:,"
   } ]
}
[1779276329.375][DEBUG]: DevTools WebSocket Command: Target.attachToTarget (id=2) (session_id=) browser {
   "flatten": true,
   "targetId": "732150DACEFDBAF640334FCE4D589A08"
}
[1779276329.375][DEBUG]: DevTools WebSocket Event: Target.attachedToTarget (session_id=) browser {
   "sessionId": "F227966CF4FF394165BB7AB61F4DE5B8",
   "targetInfo": {
      "attached": true,
      "browserContextId": "F27A9BEC732E3BFDBF0AECF8EF567DC3",
      "canAccessOpener": false,
      "targetId": "732150DACEFDBAF640334FCE4D589A08",
      "title": "data:,",
      "type": "tab",
      "url": "data:,"
   },
   "waitingForDebugger": false
}
[1779276329.375][DEBUG]: DevTools WebSocket Response: Target.attachToTarget (id=2) (session_id=) browser {
   "sessionId": "F227966CF4FF394165BB7AB61F4DE5B8"
}
[1779276329.375][DEBUG]: DevTools WebSocket Command: Target.setAutoAttach (id=3) (session_id=F227966CF4FF394165BB7AB61F4DE5B8) 732150DACEFDBAF640334FCE4D589A08 {
   "autoAttach": true,
   "flatten": true,
   "waitForDebuggerOnStart": false
}
[1779276329.376][DEBUG]: DevTools WebSocket Event: Target.attachedToTarget (session_id=F227966CF4FF394165BB7AB61F4DE5B8) 732150DACEFDBAF640334FCE4D589A08 {
   "sessionId": "67C6638870C20905B51193AD0F6B46DC",
   "targetInfo": {
      "attached": true,
      "browserContextId": "F27A9BEC732E3BFDBF0AECF8EF567DC3",
      "canAccessOpener": false,
      "targetId": "4F94C3D9616B806B1FB622184F168161",
      "title": "data:,",
      "type": "page",
      "url": "data:,"
   },
   "waitingForDebugger": false
}
[1779276329.376][DEBUG]: DevTools WebSocket Command: Page.enable (id=4) (session_id=67C6638870C20905B51193AD0F6B46DC) 4F94C3D9616B806B1FB622184F168161 {
}
[1779276329.376][DEBUG]: DevTools WebSocket Command: Page.addScriptToEvaluateOnNewDocument (id=5) (session_id=67C6638870C20905B51193AD0F6B46DC) 4F94C3D9616B806B1FB622184F168161 {
   "source": "(function () {window.cdc_adoQpoasnfa76pfcZLmcfl_Array = window.Array;window.cdc_adoQpoasnfa76pfcZLmcfl_Object = window.Object;window.cdc_adoQpoasnfa76pfcZLmcfl_Promise = window.Promise;window.cdc_a..."
}
[1779276329.376][DEBUG]: DevTools WebSocket Command: Runtime.evaluate (id=6) (session_id=67C6638870C20905B51193AD0F6B46DC) 4F94C3D9616B806B1FB622184F168161 {
   "expression": "(function () {window.cdc_adoQpoasnfa76pfcZLmcfl_Array = window.Array;window.cdc_adoQpoasnfa76pfcZLmcfl_Object = window.Object;window.cdc_adoQpoasnfa76pfcZLmcfl_Promise = window.Promise;window.cdc_a..."
}
[1779276329.376][DEBUG]: DevTools WebSocket Command: Log.enable (id=7) (session_id=67C6638870C20905B51193AD0F6B46DC) 4F94C3D9616B806B1FB622184F168161 {
}
[1779276329.376][DEBUG]: DevTools WebSocket Command: Target.setAutoAttach (id=8) (session_id=67C6638870C20905B51193AD0F6B46DC) 4F94C3D9616B806B1FB622184F168161 {
   "autoAttach": true,
   "flatten": true,
   "waitForDebuggerOnStart": false
}
[1779276329.376][DEBUG]: DevTools WebSocket Response: Target.setAutoAttach (id=3) (session_id=F227966CF4FF394165BB7AB61F4DE5B8) 732150DACEFDBAF640334FCE4D589A08 {
}
[1779276329.376][DEBUG]: DevTools WebSocket Response: Page.enable (id=4) (session_id=67C6638870C20905B51193AD0F6B46DC) 4F94C3D9616B806B1FB622184F168161 {
}
[1779276329.377][DEBUG]: DevTools WebSocket Response: Page.addScriptToEvaluateOnNewDocument (id=5) (session_id=67C6638870C20905B51193AD0F6B46DC) 4F94C3D9616B806B1FB622184F168161 {
   "identifier": "1"
}
[1779276329.377][DEBUG]: DevTools WebSocket Response: Runtime.evaluate (id=6) (session_id=67C6638870C20905B51193AD0F6B46DC) 4F94C3D9616B806B1FB622184F168161 {
   "result": {
      "type": "undefined"
   }
}
[1779276329.377][DEBUG]: DevTools WebSocket Response: Log.enable (id=7) (session_id=67C6638870C20905B51193AD0F6B46DC) 4F94C3D9616B806B1FB622184F168161 {
}
[1779276329.377][DEBUG]: DevTools WebSocket Response: Target.setAutoAttach (id=8) (session_id=67C6638870C20905B51193AD0F6B46DC) 4F94C3D9616B806B1FB622184F168161 {
}
[1779276329.377][DEBUG]: DevTools WebSocket Command: Runtime.enable (id=9) (session_id=67C6638870C20905B51193AD0F6B46DC) 4F94C3D9616B806B1FB622184F168161 {
}
[1779276329.377][DEBUG]: DevTools WebSocket Event: Runtime.executionContextCreated (session_id=67C6638870C20905B51193AD0F6B46DC) 4F94C3D9616B806B1FB622184F168161 {
   "context": {
      "auxData": {
         "frameId": "4F94C3D9616B806B1FB622184F168161",
         "isDefault": true,
         "type": "default"
      },
      "id": 1,
      "name": "",
      "origin": "://",
      "uniqueId": "-7275761930652462407.-4427685788322752833"
   }
}
[1779276329.377][DEBUG]: DevTools WebSocket Response: Runtime.enable (id=9) (session_id=67C6638870C20905B51193AD0F6B46DC) 4F94C3D9616B806B1FB622184F168161 {
}
[1779276329.377][DEBUG]: DevTools WebSocket Command: Runtime.enable (id=10) (session_id=67C6638870C20905B51193AD0F6B46DC) 4F94C3D9616B806B1FB622184F168161 {
}
[1779276329.378][DEBUG]: DevTools WebSocket Response: Runtime.enable (id=10) (session_id=67C6638870C20905B51193AD0F6B46DC) 4F94C3D9616B806B1FB622184F168161 {
}
[1779276329.378][INFO]: [881bdba0dddb989747d911b8ecbaff68] RESPONSE InitSession {
   "capabilities": {
      "acceptInsecureCerts": false,
      "browserName": "chrome",
      "browserVersion": "148.0.7778.179",
      "chrome": {
         "chromedriverVersion": "148.0.7778.178 (d096af1c9e98c45c3596e59620622b1a049bfecb-refs/branch-heads/7778@{#3196})",
         "userDataDir": "C:\\Users\\李\\AppData\\Local\\Temp\\scoped_dir33676_221470258"
      },
      "fedcm:accounts": true,
      "goog:chromeOptions": {
         "debuggerAddress": "localhost:54954"
      },
      "goog:processID": 45336,
      "networkConnectionEnabled": false,
      "pageLoadStrategy": "normal",
      "platformName": "windows",
      "proxy": {
      },
      "setWindowRect": true,
      "strictFileInteractability": false,
      "timeouts": {
         "implicit": 0,
         "pageLoad": 300000,
         "script": 30000
      },
      "unhandledPromptBehavior": "dismiss and notify",
      "webauthn:extension:credBlob": true,
      "webauthn:extension:largeBlob": true,
      "webauthn:extension:minPinLength": true,
      "webauthn:extension:prf": true,
      "~~~": "..."
   },
   "sessionId": "881bdba0dddb989747d911b8ecbaff68"
}
[1779276329.379][INFO]: [881bdba0dddb989747d911b8ecbaff68] COMMAND ExecuteCDP {
   "cmd": "Network.enable",
   "params": {
   }
}
[1779276329.379][INFO]: Waiting for pending navigations...
[1779276329.379][DEBUG]: DevTools WebSocket Command: Runtime.evaluate (id=11) (session_id=67C6638870C20905B51193AD0F6B46DC) 4F94C3D9616B806B1FB622184F168161 {
   "expression": "1"
}
[1779276329.379][DEBUG]: DevTools WebSocket Response: Runtime.evaluate (id=11) (session_id=67C6638870C20905B51193AD0F6B46DC) 4F94C3D9616B806B1FB622184F168161 {
   "result": {
      "description": "1",
      "type": "number",
      "value": 1
   }
}
[1779276329.379][DEBUG]: DevTools WebSocket Command: Runtime.evaluate (id=12) (session_id=67C6638870C20905B51193AD0F6B46DC) 4F94C3D9616B806B1FB622184F168161 {
   "expression": "document",
   "objectGroup": "f57a2cba-69b1-4075-8a34-c07e47d607e1"
}
[1779276329.380][DEBUG]: DevTools WebSocket Response: Runtime.evaluate (id=12) (session_id=67C6638870C20905B51193AD0F6B46DC) 4F94C3D9616B806B1FB622184F168161 {
   "result": {
      "className": "HTMLDocument",
      "description": "#document",
      "objectId": "2393842901699979420.1.1",
      "subtype": "node",
      "type": "object"
   }
}
[1779276329.380][DEBUG]: DevTools WebSocket Command: DOM.describeNode (id=13) (session_id=67C6638870C20905B51193AD0F6B46DC) 4F94C3D9616B806B1FB622184F168161 {
   "objectId": "2393842901699979420.1.1"
}
[1779276329.380][DEBUG]: DevTools WebSocket Response: DOM.describeNode (id=13) (session_id=67C6638870C20905B51193AD0F6B46DC) 4F94C3D9616B806B1FB622184F168161 {
   "node": {
      "backendNodeId": 1,
      "baseURL": "data:,",
      "childNodeCount": 1,
      "compatibilityMode": "NoQuirksMode",
      "documentURL": "data:,",
      "localName": "",
      "nodeId": 0,
      "nodeName": "#document",
      "nodeType": 9,
      "nodeValue": "",
      "xmlVersion": ""
   }
}
[1779276329.380][DEBUG]: DevTools WebSocket Command: Runtime.releaseObjectGroup (id=14) (session_id=67C6638870C20905B51193AD0F6B46DC) 4F94C3D9616B806B1FB622184F168161 {
   "objectGroup": "f57a2cba-69b1-4075-8a34-c07e47d607e1"
}
[1779276329.380][DEBUG]: DevTools WebSocket Command: Runtime.evaluate (id=15) (session_id=67C6638870C20905B51193AD0F6B46DC) 4F94C3D9616B806B1FB622184F168161 {
   "awaitPromise": false,
   "expression": "document.readyState",
   "returnByValue": true,
   "uniqueContextId": "-7275761930652462407.-4427685788322752833"
}
[1779276329.380][DEBUG]: DevTools WebSocket Response: Runtime.releaseObjectGroup (id=14) (session_id=67C6638870C20905B51193AD0F6B46DC) 4F94C3D9616B806B1FB622184F168161 {
}
[1779276329.380][DEBUG]: DevTools WebSocket Response: Runtime.evaluate (id=15) (session_id=67C6638870C20905B51193AD0F6B46DC) 4F94C3D9616B806B1FB622184F168161 {
   "result": {
      "type": "string",
      "value": "complete"
   }
}
[1779276329.381][INFO]: Done waiting for pending navigations. Status: ok
[1779276329.381][DEBUG]: DevTools WebSocket Command: Network.enable (id=16) (session_id=67C6638870C20905B51193AD0F6B46DC) 4F94C3D9616B806B1FB622184F168161 {
}
[1779276329.381][DEBUG]: DevTools WebSocket Response: Network.enable (id=16) (session_id=67C6638870C20905B51193AD0F6B46DC) 4F94C3D9616B806B1FB622184F168161 {
}
[1779276329.381][INFO]: Waiting for pending navigations...
[1779276329.381][DEBUG]: DevTools WebSocket Command: Runtime.evaluate (id=17) (session_id=67C6638870C20905B51193AD0F6B46DC) 4F94C3D9616B806B1FB622184F168161 {
   "expression": "1"
}
[1779276329.383][DEBUG]: DevTools WebSocket Response: Runtime.evaluate (id=17) (session_id=67C6638870C20905B51193AD0F6B46DC) 4F94C3D9616B806B1FB622184F168161 {
   "result": {
      "description": "1",
      "type": "number",
      "value": 1
   }
}
[1779276329.383][INFO]: Done waiting for pending navigations. Status: ok
[1779276329.383][INFO]: [881bdba0dddb989747d911b8ecbaff68] RESPONSE ExecuteCDP {
}
[1779276329.383][INFO]: [881bdba0dddb989747d911b8ecbaff68] COMMAND ExecuteCDP {
   "cmd": "Network.setIgnoreCertificateErrors",
   "params": {
      "ignore": true
   }
}
[1779276329.383][INFO]: Waiting for pending navigations...
[1779276329.383][DEBUG]: DevTools WebSocket Command: Runtime.evaluate (id=18) (session_id=67C6638870C20905B51193AD0F6B46DC) 4F94C3D9616B806B1FB622184F168161 {
   "expression": "1"
}
[1779276329.384][DEBUG]: DevTools WebSocket Response: Runtime.evaluate (id=18) (session_id=67C6638870C20905B51193AD0F6B46DC) 4F94C3D9616B806B1FB622184F168161 {
   "result": {
      "description": "1",
      "type": "number",
      "value": 1
   }
}
[1779276329.384][INFO]: Done waiting for pending navigations. Status: ok
[1779276329.384][DEBUG]: DevTools WebSocket Command: Network.setIgnoreCertificateErrors (id=19) (session_id=67C6638870C20905B51193AD0F6B46DC) 4F94C3D9616B806B1FB622184F168161 {
   "ignore": true
}
[1779276329.384][DEBUG]: DevTools WebSocket Response: Network.setIgnoreCertificateErrors (id=19) (session_id=67C6638870C20905B51193AD0F6B46DC) 4F94C3D9616B806B1FB622184F168161 {"code":-32601,"message":"'Network.setIgnoreCertificateErrors' wasn't found"}
[1779276329.384][DEBUG]: DevTools WebSocket Command: Runtime.evaluate (id=20) (session_id=67C6638870C20905B51193AD0F6B46DC) 4F94C3D9616B806B1FB622184F168161 {
   "expression": "1"
}
[1779276329.384][DEBUG]: DevTools WebSocket Response: Runtime.evaluate (id=20) (session_id=67C6638870C20905B51193AD0F6B46DC) 4F94C3D9616B806B1FB622184F168161 {
   "result": {
      "description": "1",
      "type": "number",
      "value": 1
   }
}
[1779276329.384][INFO]: Waiting for pending navigations...
[1779276329.384][DEBUG]: DevTools WebSocket Command: Runtime.evaluate (id=21) (session_id=67C6638870C20905B51193AD0F6B46DC) 4F94C3D9616B806B1FB622184F168161 {
   "expression": "1"
}
[1779276329.385][DEBUG]: DevTools WebSocket Response: Runtime.evaluate (id=21) (session_id=67C6638870C20905B51193AD0F6B46DC) 4F94C3D9616B806B1FB622184F168161 {
   "result": {
      "description": "1",
      "type": "number",
      "value": 1
   }
}
[1779276329.385][INFO]: Done waiting for pending navigations. Status: ok
[1779276329.385][INFO]: [881bdba0dddb989747d911b8ecbaff68] RESPONSE ExecuteCDP ERROR unknown command: 'Network.setIgnoreCertificateErrors' wasn't found
  (Session info: chrome=148.0.7778.179)
[1779276329.773][INFO]: [881bdba0dddb989747d911b8ecbaff68] COMMAND QuitAll {
}
[1779276329.823][INFO]: [881bdba0dddb989747d911b8ecbaff68] RESPONSE QuitAll
[1779276329.823][DEBUG]: Log type 'driver' lost 0 entries on destruction
[1779276329.823][DEBUG]: Log type 'browser' lost 0 entries on destruction
