2026-05-23 23:39:52,321 - INFO - ===== 开始第 1/10 次爬取 =====
2026-05-23 23:39:52,321 - INFO - 已加载历史职位ID: 281个
2026-05-23 23:39:52,401 - INFO - 开始爬取CloudComputingEngineer职位
2026-05-23 23:39:56,036 - INFO - 第1页 | 总数:0/150 | 新增:0
2026-05-23 23:40:16,039 - WARNING - 数据获取失败，重试中(1/5)
2026-05-23 23:40:19,164 - INFO - 第1页 | 总数:0/150 | 新增:0
2026-05-23 23:40:24,651 - ERROR - 处理数据出错: 'PageScroller' object has no attribute 'to'
Traceback (most recent call last):
  File "D:\PythonPRO\PycharmProjects\PythonProject\lifelonglearning\dynamictestnew.py", line 198, in crawl_cloud_computing_engineer_jobs
    dp.scroll.to(y=random.randint(300, 1500))
    ^^^^^^^^^^^^
AttributeError: 'PageScroller' object has no attribute 'to'
2026-05-23 23:40:34,653 - INFO - 第1页 | 总数:0/150 | 新增:0
2026-05-23 23:40:34,653 - INFO - 新增职位: 维创-云计算工程师（南昌）
2026-05-23 23:40:34,653 - INFO - 新增职位: 信通院-云计算工程师
2026-05-23 23:40:34,653 - INFO - 新增职位: 奇瑞控股集团有限公司-云计算工程师
2026-05-23 23:40:34,653 - INFO - 新增职位: 浙江中智之江科技-云计算运维工程师
2026-05-23 23:40:34,653 - INFO - 新增职位: 杭数人才-云计算工程师
2026-05-23 23:40:38,327 - ERROR - 处理数据出错: 'PageScroller' object has no attribute 'to'
Traceback (most recent call last):
  File "D:\PythonPRO\PycharmProjects\PythonProject\lifelonglearning\dynamictestnew.py", line 198, in crawl_cloud_computing_engineer_jobs
    dp.scroll.to(y=random.randint(300, 1500))
    ^^^^^^^^^^^^
AttributeError: 'PageScroller' object has no attribute 'to'
2026-05-23 23:40:48,328 - INFO - 第1页 | 总数:5/150 | 新增:5
2026-05-23 23:40:48,329 - INFO - 新增职位: 太极股份-云计算工程师
2026-05-23 23:40:48,329 - INFO - 新增职位: 北京荣荔建筑工程-云计算运维工程师
2026-05-23 23:40:53,374 - INFO - 第2页 | 总数:7/150 | 新增:7
2026-05-23 23:41:09,377 - INFO - 浏览器已关闭
2026-05-23 23:43:37,217 - INFO - ===== 开始第 1/10 次爬取 =====
2026-05-23 23:43:37,217 - INFO - 已加载历史职位ID: 281个
2026-05-23 23:43:37,918 - INFO - 开始爬取CloudComputingEngineer职位
2026-05-23 23:43:41,955 - INFO - 第1页 | 总数:0/150 | 新增:0
2026-05-23 23:44:01,974 - WARNING - 数据获取失败，重试中(1/5)
2026-05-23 23:44:06,068 - INFO - 第1页 | 总数:0/150 | 新增:0
2026-05-23 23:44:11,555 - INFO - 第2页 | 总数:0/150 | 新增:0
2026-05-23 23:44:31,578 - WARNING - 数据获取失败，重试中(1/5)
2026-05-23 23:44:35,993 - INFO - 第2页 | 总数:0/150 | 新增:0
2026-05-23 23:44:35,994 - INFO - 新增职位: 太极股份-云计算工程师
2026-05-23 23:44:40,482 - INFO - 第3页 | 总数:1/150 | 新增:1
2026-05-23 23:45:00,502 - WARNING - 数据获取失败，重试中(1/5)
2026-05-23 23:45:06,496 - INFO - 第3页 | 总数:1/150 | 新增:1
2026-05-23 23:45:06,496 - INFO - 新增职位: 德音科技-云计算工程师
2026-05-23 23:45:06,496 - INFO - 新增职位: 北京某中型互联网数字营销与游戏发行平台公司-云计算交付工程师
2026-05-23 23:45:11,614 - ERROR - 处理数据出错: 'PageScroller' object has no attribute 'to'
Traceback (most recent call last):
  File "D:\PythonPRO\PycharmProjects\PythonProject\lifelonglearning\dynamictestnew.py", line 198, in crawl_cloud_computing_engineer_jobs
    dp.scroll.to(y=random.randint(300, 1500))
    ^^^^^^^^^^^^
AttributeError: 'PageScroller' object has no attribute 'to'
2026-05-23 23:45:21,616 - INFO - 第3页 | 总数:3/150 | 新增:3
2026-05-23 23:45:21,616 - INFO - 新增职位: 华为云计算-云计算开发工程师
2026-05-23 23:45:21,616 - INFO - 新增职位: 鄂澳创新科技湖北-云计算工程师
2026-05-23 23:45:28,117 - INFO - 第4页 | 总数:5/150 | 新增:5
2026-05-23 23:45:48,132 - WARNING - 数据获取失败，重试中(1/5)
2026-05-23 23:45:52,923 - INFO - 第4页 | 总数:5/150 | 新增:5
2026-05-23 23:45:52,924 - INFO - 新增职位: 美好视界-云计算售前工程师(火山/巨量生态）
2026-05-23 23:45:52,924 - INFO - 新增职位: 成都渔果科技-云计算测试工程师
2026-05-23 23:45:59,116 - INFO - 第5页 | 总数:7/150 | 新增:7
2026-05-23 23:46:19,125 - WARNING - 数据获取失败，重试中(1/5)
2026-05-23 23:46:22,766 - INFO - 第5页 | 总数:7/150 | 新增:7
2026-05-23 23:46:22,766 - INFO - 新增职位: 盒状元包装-云计算助理工程师（五险一金/双休/不加班）
2026-05-23 23:46:22,766 - INFO - 新增职位: 宝能-云计算工程师
2026-05-23 23:46:22,767 - INFO - 新增职位: 广州德立数据有限公司-云计算工程师
2026-05-23 23:46:22,767 - INFO - 新增职位: 汉唐网络-云计算PaaS/IaaS网络运维工程师
2026-05-23 23:46:22,767 - INFO - 新增职位: 哈尔滨普尔斯特-云计算高级工程师
2026-05-23 23:46:22,767 - INFO - 新增职位: 宇宏电子科技有限公司-云计算运维工程师
2026-05-23 23:46:26,161 - INFO - 第6页 | 总数:13/150 | 新增:13
2026-05-23 23:46:46,166 - WARNING - 数据获取失败，重试中(1/5)
2026-05-23 23:46:49,365 - INFO - 第6页 | 总数:13/150 | 新增:13
2026-05-23 23:46:49,365 - INFO - 新增职位: 深圳某大型计算机软件公司-云计算解决方案工程师-线上面试 六险一金
2026-05-23 23:46:49,365 - INFO - 新增职位: 中软国际-云计算运维工程师
2026-05-23 23:46:49,366 - INFO - 新增职位: 神州信息-云计算平台架构工程师
2026-05-23 23:46:49,366 - INFO - 新增职位: 国电南瑞科技-云计算售前工程师
2026-05-23 23:46:55,213 - INFO - 第7页 | 总数:17/150 | 新增:17
2026-05-23 23:47:15,240 - WARNING - 数据获取失败，重试中(1/5)
2026-05-23 23:47:20,914 - INFO - 第7页 | 总数:17/150 | 新增:17
2026-05-23 23:47:20,915 - INFO - 新增职位: 西云数据-云计算运维工程师-亚马逊云（需英文口语）
2026-05-23 23:47:20,915 - INFO - 新增职位: UCloud-云计算售后技术支持工程师
2026-05-23 23:47:20,915 - INFO - 新增职位: 达梦数据库-云计算网络研发工程师
2026-05-23 23:47:24,046 - ERROR - 处理数据出错: 'PageScroller' object has no attribute 'to'
Traceback (most recent call last):
  File "D:\PythonPRO\PycharmProjects\PythonProject\lifelonglearning\dynamictestnew.py", line 198, in crawl_cloud_computing_engineer_jobs
    dp.scroll.to(y=random.randint(300, 1500))
    ^^^^^^^^^^^^
AttributeError: 'PageScroller' object has no attribute 'to'
2026-05-23 23:47:34,047 - INFO - 第7页 | 总数:20/150 | 新增:20
2026-05-23 23:47:39,331 - INFO - 第8页 | 总数:20/150 | 新增:20
2026-05-23 23:47:59,341 - WARNING - 数据获取失败，重试中(1/5)
2026-05-23 23:48:03,136 - INFO - 第8页 | 总数:20/150 | 新增:20
2026-05-23 23:48:07,043 - ERROR - 处理数据出错: 'PageScroller' object has no attribute 'to'
Traceback (most recent call last):
  File "D:\PythonPRO\PycharmProjects\PythonProject\lifelonglearning\dynamictestnew.py", line 198, in crawl_cloud_computing_engineer_jobs
    dp.scroll.to(y=random.randint(300, 1500))
    ^^^^^^^^^^^^
AttributeError: 'PageScroller' object has no attribute 'to'
2026-05-23 23:48:17,044 - INFO - 第8页 | 总数:20/150 | 新增:20
2026-05-23 23:48:17,044 - INFO - 新增职位: 某大型互联网公司-云计算安全专家
2026-05-23 23:48:17,044 - INFO - 新增职位: 翼海云峰-云运维高级工程师
2026-05-23 23:48:17,045 - INFO - 新增职位: 金山云-云计算硬件运维工程师
2026-05-23 23:48:20,738 - ERROR - 处理数据出错: 'PageScroller' object has no attribute 'to'
Traceback (most recent call last):
  File "D:\PythonPRO\PycharmProjects\PythonProject\lifelonglearning\dynamictestnew.py", line 198, in crawl_cloud_computing_engineer_jobs
    dp.scroll.to(y=random.randint(300, 1500))
    ^^^^^^^^^^^^
AttributeError: 'PageScroller' object has no attribute 'to'
2026-05-23 23:48:30,739 - INFO - 第8页 | 总数:23/150 | 新增:23
2026-05-23 23:48:30,739 - INFO - 新增职位: 西安公路研究院-云运维工程师
2026-05-23 23:48:35,062 - INFO - 第9页 | 总数:24/150 | 新增:24
2026-05-23 23:48:55,091 - WARNING - 数据获取失败，重试中(1/5)
2026-05-23 23:49:00,858 - INFO - 第9页 | 总数:24/150 | 新增:24
2026-05-23 23:49:20,887 - WARNING - 数据获取失败，重试中(2/5)
2026-05-23 23:49:25,472 - INFO - 第9页 | 总数:24/150 | 新增:24
2026-05-23 23:49:45,500 - WARNING - 数据获取失败，重试中(3/5)
2026-05-23 23:49:49,784 - INFO - 第9页 | 总数:24/150 | 新增:24
2026-05-23 23:50:09,788 - WARNING - 数据获取失败，重试中(4/5)
2026-05-23 23:50:14,626 - INFO - 第9页 | 总数:24/150 | 新增:24
2026-05-23 23:50:34,636 - WARNING - 数据获取失败，重试中(5/5)
2026-05-23 23:50:37,785 - INFO - 第9页 | 总数:24/150 | 新增:24
2026-05-23 23:50:57,793 - ERROR - 连续获取失败，停止爬取
2026-05-23 23:50:58,822 - INFO - 浏览器已关闭
2026-05-23 23:50:58,823 - INFO - 成功保存 305 个职位ID到历史记录
2026-05-23 23:50:58,823 - INFO - 新增 24 个职位ID到历史记录
2026-05-23 23:50:58,823 - INFO - 爬取完成! 总数:24 新增:24
2026-05-23 23:50:58,823 - INFO - 文件保存至: D:\PythonPRO\PycharmProjects\PythonProject\lifelonglearning\CloudComputingEngineer\CloudComputingEngineer_jobs_20260523_2343.csv
2026-05-23 23:50:58,823 - INFO - 第1次爬取成功: D:\PythonPRO\PycharmProjects\PythonProject\lifelonglearning\CloudComputingEngineer\CloudComputingEngineer_jobs_20260523_2343.csv
2026-05-23 23:50:58,824 - INFO - 冷却中: 等待 12.4 分钟后继续...
